\BOOKMARK [0][-]{chapter*.1}{\376\377\000D\000\351\000d\000i\000c\000a\000c\000e}{}% 1
\BOOKMARK [0][-]{chapter*.2}{\376\377\000R\000e\000m\000e\000r\000c\000i\000e\000m\000e\000n\000t\000s}{}% 2
\BOOKMARK [0][-]{chapter*.3}{\376\377\000R\000\351\000s\000u\000m\000\351}{}% 3
\BOOKMARK [0][-]{chapter*.4}{\376\377\000A\000b\000s\000t\000r\000a\000c\000t}{}% 4
\BOOKMARK [0][-]{chapter*.5}{\376\377\000L\000i\000s\000t\000e\000\040\000d\000e\000s\000\040\000f\000i\000g\000u\000r\000e\000s}{}% 5
\BOOKMARK [0][-]{chapter*.6}{\376\377\000L\000i\000s\000t\000e\000\040\000d\000e\000s\000\040\000t\000a\000b\000l\000e\000a\000u\000x}{}% 6
\BOOKMARK [0][-]{chapter*.8}{\376\377\000A\000b\000r\000\351\000v\000i\000a\000t\000i\000o\000n\000s}{}% 7
\BOOKMARK [0][-]{chapter*.9}{\376\377\000I\000n\000t\000r\000o\000d\000u\000c\000t\000i\000o\000n\000\040\000G\000\351\000n\000\351\000r\000a\000l\000e}{}% 8
\BOOKMARK [0][-]{chapter.1}{\376\377\000C\000o\000n\000t\000e\000x\000t\000e\000\040\000d\000e\000\040\000p\000r\000o\000j\000e\000t}{}% 9
\BOOKMARK [1][-]{section.1.1}{\376\377\000I\000n\000t\000r\000o\000d\000u\000c\000t\000i\000o\000n}{chapter.1}% 10
\BOOKMARK [1][-]{section.1.2}{\376\377\000O\000r\000g\000a\000n\000i\000s\000m\000e\000\040\000d\040\031\000a\000c\000c\000u\000e\000i\000l}{chapter.1}% 11
\BOOKMARK [2][-]{subsection.1.2.1}{\376\377\000P\000r\000\351\000s\000e\000n\000t\000a\000t\000i\000o\000n\000\040\000d\000e\000\040\000l\040\031\000o\000r\000g\000a\000n\000i\000s\000m\000e\000\040\000d\040\031\000a\000c\000c\000u\000e\000i\000l}{section.1.2}% 12
\BOOKMARK [2][-]{subsection.1.2.2}{\376\377\000F\000i\000c\000h\000e\000\040\000s\000i\000g\000n\000a\000l\000\351\000t\000i\000q\000u\000e\000\040\000d\000e\000\040\000l\040\031\000e\000n\000t\000r\000e\000p\000r\000i\000s\000e}{section.1.2}% 13
\BOOKMARK [2][-]{subsection.1.2.3}{\376\377\000S\000e\000r\000v\000i\000c\000e\000\040\000e\000t\000\040\000a\000c\000t\000i\000v\000i\000t\000\351\000\040\000d\000e\000\040\000l\040\031\000e\000n\000t\000r\000e\000p\000r\000i\000s\000e}{section.1.2}% 14
\BOOKMARK [2][-]{subsection.1.2.4}{\376\377\000S\000t\000r\000u\000c\000t\000u\000r\000e\000\040\000o\000r\000g\000a\000n\000i\000s\000a\000t\000i\000o\000n\000n\000e\000l\000l\000e\000\040\000d\000e\000\040\000l\040\031\000e\000n\000t\000r\000e\000p\000r\000i\000s\000e}{section.1.2}% 15
\BOOKMARK [2][-]{subsection.1.2.5}{\376\377\000C\000o\000n\000t\000e\000x\000t\000e\000\040\000i\000n\000t\000e\000r\000n\000e\000\040\000:\000\040\000u\000t\000i\000l\000i\000s\000a\000t\000i\000o\000n\000\040\000d\000e\000\040\000J\000i\000r\000a\000\040\000D\000a\000t\000a\000\040\000C\000e\000n\000t\000e\000r}{section.1.2}% 16
\BOOKMARK [1][-]{section.1.3}{\376\377\000P\000r\000\351\000s\000e\000n\000t\000a\000t\000i\000o\000n\000\040\000d\000u\000\040\000p\000r\000o\000j\000e\000t}{chapter.1}% 17
\BOOKMARK [2][-]{subsection.1.3.1}{\376\377\000C\000o\000n\000t\000e\000x\000t\000e\000\040\000d\000u\000\040\000p\000r\000o\000j\000e\000t}{section.1.3}% 18
\BOOKMARK [2][-]{subsection.1.3.2}{\376\377\000P\000r\000o\000b\000l\000\351\000m\000a\000t\000i\000q\000u\000e\000\040\000d\000u\000\040\000p\000r\000o\000j\000e\000t}{section.1.3}% 19
\BOOKMARK [2][-]{subsection.1.3.3}{\376\377\000O\000b\000j\000e\000c\000t\000i\000f\000s\000\040\000d\000u\000\040\000p\000r\000o\000j\000e\000t}{section.1.3}% 20
\BOOKMARK [2][-]{subsection.1.3.4}{\376\377\000C\000o\000n\000d\000u\000i\000t\000e\000\040\000d\000u\000\040\000p\000r\000o\000j\000e\000t}{section.1.3}% 21
\BOOKMARK [2][-]{subsection.1.3.5}{\376\377\000C\000o\000n\000c\000l\000u\000s\000i\000o\000n}{section.1.3}% 22
\BOOKMARK [0][-]{chapter.2}{\376\377\000C\000o\000n\000c\000e\000p\000t\000i\000o\000n\000\040\000f\000o\000n\000c\000t\000i\000o\000n\000n\000e\000l\000l\000e\000\040\000e\000t\000\040\000t\000e\000c\000h\000n\000i\000q\000u\000e}{}% 23
\BOOKMARK [1][-]{section.2.1}{\376\377\000I\000n\000t\000r\000o\000d\000u\000c\000t\000i\000o\000n}{chapter.2}% 24
\BOOKMARK [1][-]{section.2.2}{\376\377\000A\000n\000a\000l\000y\000s\000e\000\040\000d\000e\000s\000\040\000b\000e\000s\000o\000i\000n\000s}{chapter.2}% 25
\BOOKMARK [2][-]{subsection.2.2.1}{\376\377\000P\000r\000o\000c\000e\000s\000s\000u\000s\000\040\000d\000'\000i\000d\000e\000n\000t\000i\000f\000i\000c\000a\000t\000i\000o\000n\000\040\000d\000e\000s\000\040\000b\000e\000s\000o\000i\000n\000s}{section.2.2}% 26
\BOOKMARK [2][-]{subsection.2.2.2}{\376\377\000L\000e\000s\000\040\000b\000e\000s\000o\000i\000n\000s\000\040\000f\000o\000n\000c\000t\000i\000o\000n\000n\000e\000l\000s}{section.2.2}% 27
\BOOKMARK [2][-]{subsection.2.2.3}{\376\377\000L\000e\000s\000\040\000b\000e\000s\000o\000i\000n\000s\000\040\000n\000o\000n\000\040\000f\000o\000n\000c\000t\000i\000o\000n\000n\000e\000l\000s}{section.2.2}% 28
\BOOKMARK [1][-]{section.2.3}{\376\377\000A\000n\000a\000l\000y\000s\000e\000\040\000d\000e\000\040\000l\000'\000e\000x\000i\000s\000t\000a\000n\000t}{chapter.2}% 29
\BOOKMARK [2][-]{subsection.2.3.1}{\376\377\000\311\000t\000u\000d\000e\000\040\000d\000e\000\040\000l\000'\000e\000x\000i\000s\000t\000a\000n\000t}{section.2.3}% 30
\BOOKMARK [2][-]{subsection.2.3.2}{\376\377\000I\000d\000e\000n\000t\000i\000f\000i\000c\000a\000t\000i\000o\000n\000\040\000d\000e\000s\000\040\000l\000i\000m\000i\000t\000a\000t\000i\000o\000n\000s\000\040\000d\000e\000\040\000l\000'\000e\000x\000i\000s\000t\000a\000n\000t}{section.2.3}% 31
\BOOKMARK [2][-]{subsection.2.3.3}{\376\377\000V\000u\000e\000\040\000d\000'\000e\000n\000s\000e\000m\000b\000l\000e}{section.2.3}% 32
\BOOKMARK [2][-]{subsection.2.3.4}{\376\377\000Z\000o\000o\000m\000\040\000s\000u\000r\000\040\000l\000'\000a\000r\000c\000h\000i\000t\000e\000c\000t\000u\000r\000e\000\040\000d\000u\000\040\000m\000o\000d\000u\000l\000e\000\040\000d\000'\000i\000n\000t\000e\000l\000l\000i\000g\000e\000n\000c\000e\000\040\000a\000r\000t\000i\000f\000i\000c\000i\000e\000l\000l\000e}{section.2.3}% 33
\BOOKMARK [1][-]{section.2.4}{\376\377\000E\000n\000v\000i\000r\000o\000n\000n\000e\000m\000e\000n\000t\000s\000\040\000l\000o\000g\000i\000c\000i\000e\000l\000s\000\040\000e\000t\000\040\000t\000e\000c\000h\000n\000o\000l\000o\000g\000i\000e\000s}{chapter.2}% 34
\BOOKMARK [2][-]{subsection.2.4.1}{\376\377\000T\000e\000c\000h\000n\000o\000l\000o\000g\000i\000e\000s\000\040\000u\000t\000i\000l\000i\000s\000\351\000e\000s}{section.2.4}% 35
\BOOKMARK [2][-]{subsection.2.4.2}{\376\377\000T\000e\000c\000h\000n\000o\000l\000o\000g\000i\000e\000s\000\040\000u\000t\000i\000l\000i\000s\000\351\000e\000s\000\040\000p\000a\000r\000\040\000l\040\031\000\351\000q\000u\000i\000p\000e\000\040\000d\000e\000\040\000d\000\351\000v\000e\000l\000o\000p\000p\000e\000m\000e\000n\000t}{section.2.4}% 36
\BOOKMARK [2][-]{subsection.2.4.3}{\376\377\000V\000e\000i\000l\000l\000e\000\040\000t\000e\000c\000h\000n\000o\000l\000o\000g\000i\000q\000u\000e\000\040\000s\000u\000r\000\040\000l\000e\000s\000\040\000a\000g\000e\000n\000t\000s\000\040\000I\000A\000\040\000c\000o\000n\000v\000e\000r\000s\000a\000t\000i\000o\000n\000n\000e\000l\000s\000\040\000p\000o\000u\000r\000\040\000l\040\031\000a\000n\000a\000l\000y\000s\000e\000\040\000d\000e\000\040\000p\000r\000o\000j\000e\000t\000s}{section.2.4}% 37
\BOOKMARK [2][-]{subsection.2.4.4}{\376\377\000C\000o\000m\000p\000a\000r\000a\000i\000s\000o\000n\000\040\000d\000e\000s\000\040\000o\000u\000t\000i\000l\000s\000\040\000d\040\031\000o\000r\000c\000h\000e\000s\000t\000r\000a\000t\000i\000o\000n\000\040\000d\040\031\000a\000g\000e\000n\000t\000s\000\040\000I\000A}{section.2.4}% 38
\BOOKMARK [2][-]{subsection.2.4.5}{\376\377\000C\000o\000n\000c\000l\000u\000s\000i\000o\000n}{section.2.4}% 39
